// Jest Snapshot v1, https://goo.gl/fbAQLP

exports[`matches snapshot 1`] = `
<DocumentFragment>
  <div
    class="DigiCard-list"
  >
    <div>
      <img
        alt="Monodramon"
        class="DigiCard-img"
        src="https://images.digimoncard.io/images/cards/BT1-009.jpg"
      />
    </div>
  </div>
</DocumentFragment>
`;
